--------------------------------------------------------------------------------------
Timing Analyzer Summary
--------------------------------------------------------------------------------------

Type           : Worst-case tsu
Slack          : N/A
Required Time  : None
Actual Time    : 0.800 ns
From           : Din[2]
To             : D_FF_B4I4O:\D_FF_generate:0:tmp_comp|Q[2]
From Clock     : --
To Clock       : clk
Failed Paths   : 0

Type           : Worst-case tco
Slack          : N/A
Required Time  : None
Actual Time    : 6.400 ns
From           : D_FF_B4I4O:\D_FF_generate:3:tmp_comp|Q[3]
To             : A[3]
From Clock     : clk
To Clock       : --
Failed Paths   : 0

Type           : Worst-case th
Slack          : N/A
Required Time  : None
Actual Time    : 0.500 ns
From           : Din[0]
To             : D_FF_B4I4O:\D_FF_generate:0:tmp_comp|Q[0]
From Clock     : --
To Clock       : clk
Failed Paths   : 0

Type           : Clock Setup: 'clk'
Slack          : N/A
Required Time  : None
Actual Time    : Restricted to 250.00 MHz ( period = 4.000 ns )
From           : D_FF_B4I4O:\D_FF_generate:0:tmp_comp|Q[3]
To             : D_FF_B4I4O:\D_FF_generate:1:tmp_comp|Q[3]
From Clock     : clk
To Clock       : clk
Failed Paths   : 0

Type           : Total number of failed paths
Slack          : 
Required Time  : 
Actual Time    : 
From           : 
To             : 
From Clock     : 
To Clock       : 
Failed Paths   : 0

--------------------------------------------------------------------------------------

